#-----------------------------------------------------------
# Vivado v2020.2 (64-bit)
# SW Build 3064766 on Wed Nov 18 09:12:45 MST 2020
# IP Build 3064653 on Wed Nov 18 14:17:31 MST 2020
# Start of session at: Mon Jul 27 16:47:33 2026
# Process ID: 28764
# Current directory: C:/Users/chris/dlcpro_v1
# Command line: vivado.exe -mode batch -source C:\Users\chris\dlcpro_v1\tmp\pl_udp_phase1_stage\probe_txc_clock_edges.tcl
# Log file: C:/Users/chris/dlcpro_v1/vivado.log
# Journal file: C:/Users/chris/dlcpro_v1\vivado.jou
#-----------------------------------------------------------
source {C:\Users\chris\dlcpro_v1\tmp\pl_udp_phase1_stage\probe_txc_clock_edges.tcl}
# set root {C:/Users/chris/FPGA_Projects/A-high-speed-data-acquisition-framework-main}
# open_project [file join $root AXI_DMA.xpr]
Scanning sources...
Finished scanning sources
INFO: [IP_Flow 19-234] Refreshing IP repositories
INFO: [IP_Flow 19-1700] Loaded user IP repository 'c:/Users/chris/FPGA_Projects/ip_repo/myip_1.0'.
INFO: [IP_Flow 19-2313] Loaded Vivado IP repository 'C:/baidunetdiskdownload/Vivado2020_2/Vivado/2020.2/data/ip'.
open_project: Time (s): cpu = 00:00:06 ; elapsed = 00:00:07 . Memory (MB): peak = 1121.684 ; gain = 0.000
# open_run impl_1
INFO: [Device 21-403] Loading part xc7z020clg400-2
Netlist sorting complete. Time (s): cpu = 00:00:01 ; elapsed = 00:00:00.791 . Memory (MB): peak = 1132.883 ; gain = 0.000
INFO: [Netlist 29-17] Analyzing 8412 Unisim elements for replacement
INFO: [Netlist 29-28] Unisim Transformation completed in 0 CPU seconds
INFO: [Project 1-479] Netlist was created with Vivado 2020.2
INFO: [Project 1-570] Preparing netlist for logic optimization
INFO: [Timing 38-478] Restoring timing data from binary archive.
INFO: [Timing 38-479] Binary timing data restore complete.
INFO: [Project 1-856] Restoring constraints from binary archive.
INFO: [Project 1-853] Binary constraint restore complete.
Reading XDEF placement.
Reading placer database...
Reading XDEF routing.
Read XDEF File: Time (s): cpu = 00:00:04 ; elapsed = 00:00:04 . Memory (MB): peak = 2118.641 ; gain = 51.281
Restored from archive | CPU: 4.000000 secs | Memory: 0.000000 MB |
Finished XDEF File Restore: Time (s): cpu = 00:00:04 ; elapsed = 00:00:04 . Memory (MB): peak = 2118.641 ; gain = 51.281
WARNING: [HDL 9-3756] overwriting previous definition of module 'System_daq_control_0_15' [c:/Users/chris/FPGA_Projects/A-high-speed-data-acquisition-framework-main/AXI_DMA.srcs/sources_1/bd/System/ip/System_daq_control_0_15/System_daq_control_0_15_sim_netlist.v:18]
WARNING: [HDL 9-3756] overwriting previous definition of module 'System_daq_control_0_15' [c:/Users/chris/FPGA_Projects/A-high-speed-data-acquisition-framework-main/AXI_DMA.srcs/sources_1/bd/System/ip/System_daq_control_0_15/System_daq_control_0_15_sim_netlist.v:18]
Netlist sorting complete. Time (s): cpu = 00:00:00 ; elapsed = 00:00:00.029 . Memory (MB): peak = 2133.859 ; gain = 0.000
INFO: [Project 1-111] Unisim Transformation Summary:
  A total of 488 instances were transformed.
  IOBUF => IOBUF (IBUF, OBUFT): 1 instance 
  RAM16X1D => RAM32X1D (RAMD32(x2)): 4 instances
  RAM32M => RAM32M (RAMD32(x6), RAMS32(x2)): 291 instances
  RAM64M => RAM64M (RAMD64E(x4)): 160 instances
  RAM64X1D => RAM64X1D (RAMD64E(x2)): 32 instances

open_run: Time (s): cpu = 00:00:26 ; elapsed = 00:00:40 . Memory (MB): peak = 2133.859 ; gain = 1012.176
# puts "TXC_SOURCE_PIN=[get_pins -quiet eth_bridge_inst/u_rgmii_tx/txc_oddr/C0]"
TXC_SOURCE_PIN=eth_bridge_inst/u_rgmii_tx/txc_oddr/C
# puts "TXC_OUTPUT_PORT=[get_ports -quiet eth_txc]"
TXC_OUTPUT_PORT=eth_txc
# create_generated_clock -name pl_eth_txc_probe \
#     -source [get_pins eth_bridge_inst/u_rgmii_tx/txc_oddr/C0] \
#     -edges {1 2 3} -add [get_ports eth_txc]
ERROR: [Vivado 12-670] Cannot specify -add without specifying -master_clock.
INFO: [Common 17-206] Exiting Vivado at Mon Jul 27 16:48:24 2026...
