#-----------------------------------------------------------
# Vivado v2020.2 (64-bit)
# SW Build 3064766 on Wed Nov 18 09:12:45 MST 2020
# IP Build 3064653 on Wed Nov 18 14:17:31 MST 2020
# Start of session at: Thu Jul 23 16:29:28 2026
# Process ID: 54508
# Current directory: C:/Users/chris/dlcpro_v1
# Command line: vivado.exe -mode batch -source C:\Users\chris\dlcpro_v1\daq_pc\capture_dual_adc_ila_live.tcl -log C:\Users\chris\dlcpro_v1\daq_pc\capture_dual_adc_ila_live.log -journal C:\Users\chris\dlcpro_v1\daq_pc\capture_dual_adc_ila_live.jou
# Log file: C:/Users/chris/dlcpro_v1/daq_pc/capture_dual_adc_ila_live.log
# Journal file: C:\Users\chris\dlcpro_v1\daq_pc\capture_dual_adc_ila_live.jou
#-----------------------------------------------------------
source {C:\Users\chris\dlcpro_v1\daq_pc\capture_dual_adc_ila_live.tcl}
# set ltx_file {C:/Users/chris/Desktop/2/02_/top.ltx}
# set csv_file {C:/Users/chris/dlcpro_v1/daq_pc/captures/dual_adc_ila_live.csv}
# file mkdir [file dirname $csv_file]
# catch {open_hw_manager}
# connect_hw_server -url localhost:3121 -allow_non_jtag
INFO: [Labtools 27-2285] Connecting to hw_server url TCP:localhost:3121
INFO: [Labtools 27-3415] Connecting to cs_server url TCP:localhost:3042
INFO: [Labtools 27-3414] Connected to existing cs_server.
# open_hw_target
INFO: [Labtoolstcl 44-466] Opening hw_target localhost:3121/xilinx_tcf/Digilent/210357A7D00EA
# set device [lindex [get_hw_devices -filter {PART =~ "xc7z020*"}] 0]
# if {![llength $device]} {
#   error "No xc7z020 device found"
# }
# current_hw_device $device
# set_property PROBES.FILE $ltx_file $device
# set_property FULL_PROBES.FILE $ltx_file $device
# refresh_hw_device $device
INFO: [Labtools 27-2302] Device xc7z020 (JTAG device index = 1) is programmed with a design that has 1 ILA core(s).
# set ila [lindex [get_hw_ilas -of_objects $device] 0]
# if {![llength $ila]} {
#   error "No ILA core found"
# }
# set_property CONTROL.TRIGGER_POSITION 512 $ila
# run_hw_ila $ila
INFO: [Labtools 27-1964] The ILA core 'hw_ila_1' trigger was armed at 2026-Jul-23 16:29:43
# wait_on_hw_ila $ila
# upload_hw_ila_data $ila
INFO: [Labtools 27-1966] The ILA core 'hw_ila_1' triggered at 2026-Jul-23 16:29:43
# set data [lindex [get_hw_ila_data -of_objects $ila] 0]
# write_hw_ila_data -force -csv_file $csv_file $data
# puts "ILA=$ila"
ILA=hw_ila_1
# puts "PROBES=[get_hw_probes -of_objects $ila]"
PROBES=zynq_u/System_i/Controller/ad9280_debug_0_2 zynq_u/System_i/Controller/capture_enable_mon_1 zynq_u/System_i/Controller/fifo_full_mon_1 zynq_u/System_i/Controller/trigger_event_mon_1
# puts "CSV=$csv_file"
CSV=C:/Users/chris/dlcpro_v1/daq_pc/captures/dual_adc_ila_live.csv
# close_hw_manager
****** Webtalk v2020.2 (64-bit)
  **** SW Build 3064766 on Wed Nov 18 09:12:45 MST 2020
  **** IP Build 3064653 on Wed Nov 18 14:17:31 MST 2020
    ** Copyright 1986-2020 Xilinx, Inc. All Rights Reserved.

source C:/Users/chris/dlcpro_v1/.Xil/Vivado-54508-LAPTOP-TOQ4BAST/webtalk/labtool_webtalk.tcl -notrace
INFO: [Common 17-206] Exiting Webtalk at Thu Jul 23 16:29:46 2026...
INFO: [Common 17-206] Exiting Vivado at Thu Jul 23 16:29:46 2026...
