#-----------------------------------------------------------
# Vivado v2020.2 (64-bit)
# SW Build 3064766 on Wed Nov 18 09:12:45 MST 2020
# IP Build 3064653 on Wed Nov 18 14:17:31 MST 2020
# Start of session at: Wed Jul 29 21:33:49 2026
# Process ID: 7096
# Current directory: C:/Users/chris/FPGA_Projects/A-high-speed-data-acquisition-framework-main
# Command line: vivado.exe -mode batch -source C:\Users\chris\dlcpro_v1\tmp\pl_udp_phase1_stage\write_phase2_ltx.tcl -nojournal -log C:\Users\chris\dlcpro_v1\tmp\pl_udp_phase1_stage\write_phase2_ltx.log
# Log file: C:/Users/chris/dlcpro_v1/tmp/pl_udp_phase1_stage/write_phase2_ltx.log
# Journal file: 
#-----------------------------------------------------------
source {C:\Users\chris\dlcpro_v1\tmp\pl_udp_phase1_stage\write_phase2_ltx.tcl}
# set root {C:/Users/chris/FPGA_Projects/A-high-speed-data-acquisition-framework-main}
# set out_dir [file join $root reports pl_udp_pc_v2 phase2]
# open_project [file join $root AXI_DMA.xpr]
Scanning sources...
Finished scanning sources
INFO: [IP_Flow 19-234] Refreshing IP repositories
INFO: [IP_Flow 19-1700] Loaded user IP repository 'c:/Users/chris/FPGA_Projects/ip_repo/myip_1.0'.
INFO: [IP_Flow 19-2313] Loaded Vivado IP repository 'C:/baidunetdiskdownload/Vivado2020_2/Vivado/2020.2/data/ip'.
open_project: Time (s): cpu = 00:00:06 ; elapsed = 00:00:09 . Memory (MB): peak = 1120.027 ; gain = 0.000
# open_run impl_1
INFO: [Device 21-403] Loading part xc7z020clg400-2
Netlist sorting complete. Time (s): cpu = 00:00:01 ; elapsed = 00:00:00.923 . Memory (MB): peak = 1131.965 ; gain = 0.000
INFO: [Netlist 29-17] Analyzing 8445 Unisim elements for replacement
INFO: [Netlist 29-28] Unisim Transformation completed in 0 CPU seconds
INFO: [Project 1-479] Netlist was created with Vivado 2020.2
INFO: [Project 1-570] Preparing netlist for logic optimization
INFO: [Timing 38-478] Restoring timing data from binary archive.
INFO: [Timing 38-479] Binary timing data restore complete.
INFO: [Project 1-856] Restoring constraints from binary archive.
INFO: [Project 1-853] Binary constraint restore complete.
Reading XDEF placement.
Reading placer database...
Reading XDEF routing.
Read XDEF File: Time (s): cpu = 00:00:04 ; elapsed = 00:00:04 . Memory (MB): peak = 2119.715 ; gain = 52.371
Restored from archive | CPU: 4.000000 secs | Memory: 0.000000 MB |
Finished XDEF File Restore: Time (s): cpu = 00:00:04 ; elapsed = 00:00:04 . Memory (MB): peak = 2119.715 ; gain = 52.371
WARNING: [HDL 9-3756] overwriting previous definition of module 'System_daq_control_0_15' [c:/Users/chris/FPGA_Projects/A-high-speed-data-acquisition-framework-main/AXI_DMA.srcs/sources_1/bd/System/ip/System_daq_control_0_15/System_daq_control_0_15_sim_netlist.v:18]
WARNING: [HDL 9-3756] overwriting previous definition of module 'System_daq_control_0_15' [c:/Users/chris/FPGA_Projects/A-high-speed-data-acquisition-framework-main/AXI_DMA.srcs/sources_1/bd/System/ip/System_daq_control_0_15/System_daq_control_0_15_sim_netlist.v:18]
Netlist sorting complete. Time (s): cpu = 00:00:00 ; elapsed = 00:00:00.024 . Memory (MB): peak = 2134.836 ; gain = 0.000
INFO: [Project 1-111] Unisim Transformation Summary:
  A total of 488 instances were transformed.
  IOBUF => IOBUF (IBUF, OBUFT): 1 instance 
  RAM16X1D => RAM32X1D (RAMD32(x2)): 4 instances
  RAM32M => RAM32M (RAMD32(x6), RAMS32(x2)): 291 instances
  RAM64M => RAM64M (RAMD64E(x4)): 160 instances
  RAM64X1D => RAM64X1D (RAMD64E(x2)): 32 instances

open_run: Time (s): cpu = 00:00:28 ; elapsed = 00:00:41 . Memory (MB): peak = 2134.836 ; gain = 1014.809
# write_debug_probes -force \
#     [file join $out_dir top_pl_udp_v2_phase2_test.ltx]
INFO: [Chipscope 16-244] No debug cores were found in this design.
# close_project
# exit
INFO: [Common 17-206] Exiting Vivado at Wed Jul 29 21:34:45 2026...
