#-----------------------------------------------------------
# xsim v2020.2 (64-bit)
# SW Build 3064766 on Wed Nov 18 09:12:45 MST 2020
# IP Build 3064653 on Wed Nov 18 14:17:31 MST 2020
# Start of session at: Sat Jul 25 16:23:47 2026
# Process ID: 15980
# Current directory: C:/Users/chris/dlcpro_v1/sim_work_scope
# Command line: xsim.exe -mode tcl -source {xsim.dir/scope_sim/xsim_script.tcl}
# Log file: C:/Users/chris/dlcpro_v1/sim_work_scope/xsim.log
# Journal file: C:/Users/chris/dlcpro_v1/sim_work_scope\xsim.jou
#-----------------------------------------------------------
source xsim.dir/scope_sim/xsim_script.tcl
# xsim {scope_sim} -autoloadwcfg -runall
Vivado Simulator 2020.2
Time resolution is 1 ps
run -all
PASS: AD9269 Scope frame, BRAM latency, TLAST and backpressure
$finish called at time : 14305 ns : File "C:/Users/chris/dlcpro_v1/tools/tb_ad9269_scope_capture.sv" Line 134
exit
INFO: [Common 17-206] Exiting xsim at Sat Jul 25 16:23:49 2026...
